Copyright 1986-2017 Xilinx, Inc. All Rights Reserved.
--------------------------------------------------------------------------------------
| Tool Version : Vivado v.2017.4 (win64) Build 2086221 Fri Dec 15 20:55:39 MST 2017
| Date         : Tue May 17 15:31:52 2022
| Host         : LAPTOP-GQQ9775L running 64-bit major release  (build 9200)
| Command      : report_control_sets -verbose -file T_wrapper_control_sets_placed.rpt
| Design       : T_wrapper
| Device       : xc7z020
--------------------------------------------------------------------------------------

Control Set Information

Table of Contents
-----------------
1. Summary
2. Flip-Flop Distribution
3. Detailed Control Set Information

1. Summary
----------

+----------------------------------------------------------+-------+
|                          Status                          | Count |
+----------------------------------------------------------+-------+
| Number of unique control sets                            |   151 |
| Unused register locations in slices containing registers |   295 |
+----------------------------------------------------------+-------+


2. Flip-Flop Distribution
-------------------------

+--------------+-----------------------+------------------------+-----------------+--------------+
| Clock Enable | Synchronous Set/Reset | Asynchronous Set/Reset | Total Registers | Total Slices |
+--------------+-----------------------+------------------------+-----------------+--------------+
| No           | No                    | No                     |             437 |          148 |
| No           | No                    | Yes                    |               0 |            0 |
| No           | Yes                   | No                     |             247 |          116 |
| Yes          | No                    | No                     |            1474 |          428 |
| Yes          | No                    | Yes                    |               0 |            0 |
| Yes          | Yes                   | No                     |             835 |          260 |
+--------------+-----------------------+------------------------+-----------------+--------------+


3. Detailed Control Set Information
-----------------------------------

+------------------------------------------+-------------------------------------------------------------------------------------------------------------------------------------------------------------------------+--------------------------------------------------------------------------------------------------------------------------------------------------------------------------------------------------------------------------------+------------------+----------------+
|               Clock Signal               |                                                                              Enable Signal                                                                              |                                                                                                        Set/Reset Signal                                                                                                        | Slice Load Count | Bel Load Count |
+------------------------------------------+-------------------------------------------------------------------------------------------------------------------------------------------------------------------------+--------------------------------------------------------------------------------------------------------------------------------------------------------------------------------------------------------------------------------+------------------+----------------+
|  T_i/processing_system7_0/inst/FCLK_CLK0 | T_i/ps7_0_axi_periph/s00_couplers/auto_pc/inst/gen_axilite.gen_b2s_conv.axilite_b2s/WR.b_channel_0/bid_fifo_0/bresp_push                                                |                                                                                                                                                                                                                                |                1 |              2 |
|  T_i/processing_system7_0/inst/FCLK_CLK1 |                                                                                                                                                                         | T_i/v_axi4s_vid_out_0/inst/SYNC_INST/in_data_mux_reg[0]                                                                                                                                                                        |                2 |              3 |
|  T_i/processing_system7_0/inst/FCLK_CLK1 |                                                                                                                                                                         | T_i/v_tc_0/U0/U_TC_TOP/GEN_GENERATOR.U_TC_GEN/fsync_out[0]_i_1_n_0                                                                                                                                                             |                2 |              4 |
|  T_i/processing_system7_0/inst/FCLK_CLK0 |                                                                                                                                                                         | T_i/axi_gpio_0/U0/AXI_LITE_IPIF_I/I_SLAVE_ATTACHMENT/I_DECODER/Not_Dual.ALLOUT_ND.READ_REG_GEN[0].reg1_reg[28]                                                                                                                 |                1 |              4 |
|  T_i/processing_system7_0/inst/FCLK_CLK0 |                                                                                                                                                                         | T_i/axi_gpio_0/U0/AXI_LITE_IPIF_I/I_SLAVE_ATTACHMENT/clear                                                                                                                                                                     |                1 |              4 |
|  T_i/processing_system7_0/inst/FCLK_CLK0 |                                                                                                                                                                         | T_i/ps7_0_axi_periph/s00_couplers/auto_pc/inst/gen_axilite.gen_b2s_conv.axilite_b2s/SI_REG/ar.ar_pipe/m_valid_i_reg_0                                                                                                          |                3 |              4 |
|  T_i/processing_system7_0/inst/FCLK_CLK0 |                                                                                                                                                                         | T_i/ps7_0_axi_periph/s00_couplers/auto_pc/inst/gen_axilite.gen_b2s_conv.axilite_b2s/SI_REG/aw.aw_pipe/s_ready_i_reg_0                                                                                                          |                4 |              4 |
|  T_i/processing_system7_0/inst/FCLK_CLK0 | T_i/axi_gpio_0/U0/AXI_LITE_IPIF_I/I_SLAVE_ATTACHMENT/bus2ip_addr_i[8]_i_1_n_0                                                                                           | T_i/axi_gpio_0/U0/AXI_LITE_IPIF_I/I_SLAVE_ATTACHMENT/SR                                                                                                                                                                        |                2 |              4 |
|  T_i/processing_system7_0/inst/FCLK_CLK0 | T_i/axi_gpio_0/U0/AXI_LITE_IPIF_I/I_SLAVE_ATTACHMENT/start2                                                                                                             | T_i/axi_gpio_0/U0/AXI_LITE_IPIF_I/I_SLAVE_ATTACHMENT/I_DECODER/cs_ce_clr                                                                                                                                                       |                1 |              4 |
|  T_i/processing_system7_0/inst/FCLK_CLK0 | T_i/v_tpg_0/inst/v_tpg_CTRL_s_axi_U/outpix_val_0_V_8_reg_14690                                                                                                          | T_i/v_tpg_0/inst/v_tpg_CTRL_s_axi_U/outpix_val_1_V_10_reg_1474_reg[6]_0                                                                                                                                                        |                2 |              4 |
|  T_i/processing_system7_0/inst/FCLK_CLK0 | T_i/ps7_0_axi_periph/s00_couplers/auto_pc/inst/gen_axilite.gen_b2s_conv.axilite_b2s/RD.ar_channel_0/ar_cmd_fsm_0/axlen_cnt_reg[4][0]                                    | T_i/ps7_0_axi_periph/s00_couplers/auto_pc/inst/gen_axilite.gen_b2s_conv.axilite_b2s/RD.ar_channel_0/ar_cmd_fsm_0/axlen_cnt_reg[7]                                                                                              |                2 |              4 |
|  T_i/processing_system7_0/inst/FCLK_CLK0 | T_i/v_tpg_0/inst/tpgBackground_U0/grp_tpgPatternSolidRed_fu_650/redYuv_U/T_v_tpg_0_0_tpgPatternSolidRe0iy_rom_U/grp_tpgPatternSolidRed_fu_650_ap_ready                  |                                                                                                                                                                                                                                |                1 |              4 |
|  T_i/processing_system7_0/inst/FCLK_CLK0 | T_i/ps7_0_axi_periph/s00_couplers/auto_pc/inst/gen_axilite.gen_b2s_conv.axilite_b2s/WR.aw_channel_0/aw_cmd_fsm_0/E[0]                                                   | T_i/ps7_0_axi_periph/s00_couplers/auto_pc/inst/gen_axilite.gen_b2s_conv.axilite_b2s/WR.aw_channel_0/aw_cmd_fsm_0/axlen_cnt_reg[7]                                                                                              |                1 |              4 |
|  T_i/processing_system7_0/inst/FCLK_CLK0 | T_i/v_tpg_0/inst/tpgBackground_U0/grp_tpgPatternSolidBlue_fu_671/bluYuv_U/T_v_tpg_0_0_tpgPatternSolidBlYie_rom_U/grp_tpgPatternSolidBlue_fu_671_ap_ready                |                                                                                                                                                                                                                                |                2 |              4 |
|  T_i/processing_system7_0/inst/FCLK_CLK0 |                                                                                                                                                                         | T_i/rst_ps7_0_100M/U0/EXT_LPF/lpf_int                                                                                                                                                                                          |                4 |              5 |
|  T_i/processing_system7_0/inst/FCLK_CLK0 | T_i/v_tpg_0/inst/tpgBackground_U0/ap_block_pp0_stage0_subdone                                                                                                           | T_i/v_tpg_0/inst/v_tpg_CTRL_s_axi_U/ap_rst_n_inv                                                                                                                                                                               |                1 |              5 |
|  T_i/processing_system7_0/inst/FCLK_CLK0 | T_i/axi_gpio_0/U0/AXI_LITE_IPIF_I/I_SLAVE_ATTACHMENT/s_axi_rdata_i[31]_i_1_n_0                                                                                          | T_i/axi_gpio_0/U0/AXI_LITE_IPIF_I/I_SLAVE_ATTACHMENT/SR                                                                                                                                                                        |                2 |              5 |
|  T_i/processing_system7_0/inst/FCLK_CLK0 | T_i/rst_ps7_0_100M/U0/SEQ/seq_cnt_en                                                                                                                                    | T_i/rst_ps7_0_100M/U0/SEQ/SEQ_COUNTER/clear                                                                                                                                                                                    |                1 |              6 |
|  T_i/processing_system7_0/inst/FCLK_CLK0 | T_i/v_tpg_0/inst/v_tpg_CTRL_s_axi_U/ar_hs                                                                                                                               |                                                                                                                                                                                                                                |                3 |              6 |
|  T_i/processing_system7_0/inst/FCLK_CLK0 | T_i/v_tpg_0/inst/tpgBackground_U0/grp_tpgPatternDPColorSqu_fu_438/yCount_V_40                                                                                           | T_i/v_tpg_0/inst/tpgBackground_U0/grp_tpgPatternDPColorSqu_fu_438/yCount_V_4                                                                                                                                                   |                2 |              6 |
|  T_i/processing_system7_0/inst/FCLK_CLK0 | T_i/v_tpg_0/inst/v_tpg_CTRL_s_axi_U/xCount_V_2_0_reg[5]_0                                                                                                               | T_i/v_tpg_0/inst/v_tpg_CTRL_s_axi_U/xCount_V_2_0_reg[5][0]                                                                                                                                                                     |                2 |              6 |
|  T_i/processing_system7_0/inst/FCLK_CLK0 | T_i/v_tpg_0/inst/tpgForeground_U0/intpix_val_0_V_1_reg_6040                                                                                                             |                                                                                                                                                                                                                                |                2 |              7 |
|  T_i/processing_system7_0/inst/FCLK_CLK0 | T_i/ps7_0_axi_periph/s00_couplers/auto_pc/inst/gen_axilite.gen_b2s_conv.axilite_b2s/WR.b_channel_0/mhandshake_r                                                         | T_i/ps7_0_axi_periph/s00_couplers/auto_pc/inst/gen_axilite.gen_b2s_conv.axilite_b2s/WR.b_channel_0/bid_fifo_0/SR[0]                                                                                                            |                3 |              8 |
|  T_i/processing_system7_0/inst/FCLK_CLK0 | T_i/v_tpg_0/inst/v_tpg_CTRL_s_axi_U/int_motionSpeed[7]_i_1_n_2                                                                                                          | T_i/v_tpg_0/inst/v_tpg_CTRL_s_axi_U/ap_rst_n_inv                                                                                                                                                                               |                2 |              8 |
|  T_i/processing_system7_0/inst/FCLK_CLK0 | T_i/v_tpg_0/inst/v_tpg_CTRL_s_axi_U/int_maskId[7]_i_1_n_2                                                                                                               | T_i/v_tpg_0/inst/v_tpg_CTRL_s_axi_U/ap_rst_n_inv                                                                                                                                                                               |                4 |              8 |
|  T_i/processing_system7_0/inst/FCLK_CLK0 | T_i/v_tpg_0/inst/v_tpg_CTRL_s_axi_U/int_dpYUVCoef[7]_i_1_n_2                                                                                                            | T_i/v_tpg_0/inst/v_tpg_CTRL_s_axi_U/ap_rst_n_inv                                                                                                                                                                               |                4 |              8 |
|  T_i/processing_system7_0/inst/FCLK_CLK0 | T_i/axi_gpio_0/U0/AXI_LITE_IPIF_I/I_SLAVE_ATTACHMENT/I_DECODER/E[0]                                                                                                     | T_i/axi_gpio_0/U0/AXI_LITE_IPIF_I/I_SLAVE_ATTACHMENT/SR                                                                                                                                                                        |                3 |              8 |
|  T_i/processing_system7_0/inst/FCLK_CLK0 | T_i/v_tpg_0/inst/v_tpg_CTRL_s_axi_U/int_dpDynamicRange[7]_i_1_n_2                                                                                                       | T_i/v_tpg_0/inst/v_tpg_CTRL_s_axi_U/ap_rst_n_inv                                                                                                                                                                               |                3 |              8 |
|  T_i/processing_system7_0/inst/FCLK_CLK1 | T_i/v_axi4s_vid_out_0/inst/COUPLER_INST/generate_async_fifo.FIFO_INST/XPM_FIFO_ASYNC_INST/E[0]                                                                          | T_i/v_axi4s_vid_out_0/inst/SYNC_INST/vtg_sof_cnt0                                                                                                                                                                              |                3 |              8 |
|  T_i/processing_system7_0/inst/FCLK_CLK1 | T_i/v_axi4s_vid_out_0/inst/SYNC_INST/vtg_sof_dly                                                                                                                        | T_i/v_axi4s_vid_out_0/inst/SYNC_INST/vtg_sof_cnt0                                                                                                                                                                              |                2 |              8 |
|  T_i/processing_system7_0/inst/FCLK_CLK0 | T_i/v_tpg_0/inst/tpgBackground_U0/call_ret3_tpgPatternVerticalRa_fu_638/rampVal                                                                                         |                                                                                                                                                                                                                                |                5 |              8 |
|  T_i/processing_system7_0/inst/FCLK_CLK0 | T_i/v_tpg_0/inst/tpgBackground_U0/grp_tpgPatternRainbow_fu_429/tpgSinTableArray_9bi_1_U/T_v_tpg_0_0_tpgPatternRainbowvdy_rom_U/p                                        | T_i/v_tpg_0/inst/tpgBackground_U0/grp_tpgPatternRainbow_fu_429/tpgSinTableArray_9bi_1_U/T_v_tpg_0_0_tpgPatternRainbowvdy_rom_U/SS[0]                                                                                           |                2 |              8 |
|  T_i/processing_system7_0/inst/FCLK_CLK0 | T_i/v_tpg_0/inst/tpgBackground_U0/grp_tpgPatternRainbow_fu_429/tpgSinTableArray_9bi_1_U/T_v_tpg_0_0_tpgPatternRainbowvdy_rom_U/p                                        | T_i/v_tpg_0/inst/tpgBackground_U0/grp_tpgPatternRainbow_fu_429/tpgSinTableArray_9bi_1_U/T_v_tpg_0_0_tpgPatternRainbowvdy_rom_U/b_reg_662_reg[0][0]                                                                             |                2 |              8 |
|  T_i/processing_system7_0/inst/FCLK_CLK0 | T_i/v_tpg_0/inst/tpgBackground_U0/grp_tpgPatternRainbow_fu_429/tpgSinTableArray_9bi_1_U/T_v_tpg_0_0_tpgPatternRainbowvdy_rom_U/p                                        | T_i/v_tpg_0/inst/tpgBackground_U0/grp_tpgPatternRainbow_fu_429/tpgSinTableArray_9bi_1_U/T_v_tpg_0_0_tpgPatternRainbowvdy_rom_U/g_reg_656_reg[0][0]                                                                             |                2 |              8 |
|  T_i/processing_system7_0/inst/FCLK_CLK0 | T_i/v_tpg_0/inst/tpgBackground_U0/grp_tpgPatternRainbow_fu_429/tpgSinTableArray_9bi_1_U/T_v_tpg_0_0_tpgPatternRainbowvdy_rom_U/p                                        | T_i/v_tpg_0/inst/tpgBackground_U0/grp_tpgPatternRainbow_fu_429/Scalar_val_2_V_writ_reg_700                                                                                                                                     |                3 |              8 |
|  T_i/processing_system7_0/inst/FCLK_CLK0 | T_i/v_tpg_0/inst/v_tpg_CTRL_s_axi_U/int_colorFormat[7]_i_1_n_2                                                                                                          | T_i/v_tpg_0/inst/v_tpg_CTRL_s_axi_U/ap_rst_n_inv                                                                                                                                                                               |                3 |              8 |
|  T_i/processing_system7_0/inst/FCLK_CLK0 | T_i/v_tpg_0/inst/v_tpg_CTRL_s_axi_U/rampVal_2_reg[0][0]                                                                                                                 |                                                                                                                                                                                                                                |                3 |              8 |
|  T_i/processing_system7_0/inst/FCLK_CLK0 | T_i/v_tpg_0/inst/v_tpg_CTRL_s_axi_U/rampVal_1_reg[0][0]                                                                                                                 |                                                                                                                                                                                                                                |                5 |              8 |
|  T_i/processing_system7_0/inst/FCLK_CLK0 | T_i/v_tpg_0/inst/v_tpg_CTRL_s_axi_U/rampStart_load_reg_1426_reg[7][0]                                                                                                   |                                                                                                                                                                                                                                |                1 |              8 |
|  T_i/processing_system7_0/inst/FCLK_CLK0 | T_i/v_tpg_0/inst/v_tpg_CTRL_s_axi_U/int_ap_ready_reg_0[0]                                                                                                               |                                                                                                                                                                                                                                |                2 |              8 |
|  T_i/processing_system7_0/inst/FCLK_CLK0 | T_i/v_tpg_0/inst/v_tpg_CTRL_s_axi_U/hdata_reg[0][0]                                                                                                                     |                                                                                                                                                                                                                                |                3 |              8 |
|  T_i/processing_system7_0/inst/FCLK_CLK0 | T_i/v_tpg_0/inst/v_tpg_CTRL_s_axi_U/waddr                                                                                                                               |                                                                                                                                                                                                                                |                2 |              8 |
|  T_i/processing_system7_0/inst/FCLK_CLK0 | T_i/v_tpg_0/inst/v_tpg_CTRL_s_axi_U/int_ovrlayId[7]_i_1_n_2                                                                                                             | T_i/v_tpg_0/inst/v_tpg_CTRL_s_axi_U/ap_rst_n_inv                                                                                                                                                                               |                3 |              8 |
|  T_i/processing_system7_0/inst/FCLK_CLK0 | T_i/v_tpg_0/inst/tpgForeground_U0/shiftReg_ce                                                                                                                           | T_i/v_tpg_0/inst/tpgForeground_U0/SRL_SIG_reg[0][0]                                                                                                                                                                            |                1 |              8 |
|  T_i/processing_system7_0/inst/FCLK_CLK0 | T_i/v_tpg_0/inst/tpgForeground_U0/shiftReg_ce                                                                                                                           |                                                                                                                                                                                                                                |                2 |              8 |
|  T_i/processing_system7_0/inst/FCLK_CLK0 | T_i/v_tpg_0/inst/tpgForeground_U0/shiftReg_ce_0                                                                                                                         | T_i/v_tpg_0/inst/tpgForeground_U0/SRL_SIG_reg[0][0]_0                                                                                                                                                                          |                2 |              8 |
|  T_i/processing_system7_0/inst/FCLK_CLK0 | T_i/v_tpg_0/inst/tpgForeground_U0/shiftReg_ce_0                                                                                                                         |                                                                                                                                                                                                                                |                5 |              8 |
|  T_i/processing_system7_0/inst/FCLK_CLK0 | T_i/v_tpg_0/inst/tpgForeground_U0/shiftReg_ce_2                                                                                                                         | T_i/v_tpg_0/inst/tpgForeground_U0/SRL_SIG_reg[0][0]_1                                                                                                                                                                          |                1 |              8 |
|  T_i/processing_system7_0/inst/FCLK_CLK0 | T_i/v_tpg_0/inst/tpgForeground_U0/shiftReg_ce_2                                                                                                                         |                                                                                                                                                                                                                                |                5 |              8 |
|  T_i/processing_system7_0/inst/FCLK_CLK0 | T_i/v_tpg_0/inst/v_tpg_CTRL_s_axi_U/int_bckgndId[7]_i_1_n_2                                                                                                             | T_i/v_tpg_0/inst/v_tpg_CTRL_s_axi_U/ap_rst_n_inv                                                                                                                                                                               |                3 |              8 |
|  T_i/processing_system7_0/inst/FCLK_CLK1 | T_i/v_axi4s_vid_out_0/inst/SYNC_INST/vtg_ce                                                                                                                             | T_i/v_tc_0/U0/U_TC_TOP/GEN_GENERATOR.U_TC_GEN/h_count[8]_i_1_n_0                                                                                                                                                               |                2 |              9 |
|  T_i/processing_system7_0/inst/FCLK_CLK1 |                                                                                                                                                                         | T_i/v_axi4s_vid_out_0/inst/COUPLER_INST/generate_async_fifo.FIFO_INST/XPM_FIFO_ASYNC_INST/gnuram_async_fifo.xpm_fifo_base_inst/xpm_fifo_rst_inst/gen_rst_ic.rrst_rd_inst/gen_pipe_bit[2].pipe_bit_inst/SR[0]                   |                3 |              9 |
|  T_i/processing_system7_0/inst/FCLK_CLK1 | T_i/v_tc_0/U0/U_TC_TOP/GEN_GENERATOR.U_TC_GEN/v_count[9]_i_2_n_0                                                                                                        | T_i/v_tc_0/U0/U_TC_TOP/GEN_GENERATOR.U_TC_GEN/v_count[9]_i_1_n_0                                                                                                                                                               |                2 |             10 |
|  T_i/processing_system7_0/inst/FCLK_CLK0 | T_i/v_tpg_0/inst/tpgBackground_U0/grp_tpgPatternTartanColo_fu_516/yCount_V_30                                                                                           | T_i/v_tpg_0/inst/v_tpg_CTRL_s_axi_U/yCount_V_3_reg[0]_2[0]                                                                                                                                                                     |                3 |             10 |
|  T_i/processing_system7_0/inst/FCLK_CLK0 | T_i/v_tpg_0/inst/v_tpg_CTRL_s_axi_U/grp_tpgPatternTartanColo_fu_516_ap_ready                                                                                            | T_i/v_tpg_0/inst/v_tpg_CTRL_s_axi_U/xCount_V_3_0_reg[0]                                                                                                                                                                        |                3 |             10 |
|  T_i/processing_system7_0/inst/FCLK_CLK0 | T_i/v_tpg_0/inst/v_tpg_CTRL_s_axi_U/ar_hs                                                                                                                               | T_i/v_tpg_0/inst/v_tpg_CTRL_s_axi_U/rdata[15]_i_1_n_2                                                                                                                                                                          |                7 |             10 |
|  T_i/processing_system7_0/inst/FCLK_CLK0 | T_i/v_tpg_0/inst/tpgBackground_U0/grp_tpgPatternCheckerBoa_fu_483/yCount_V0                                                                                             | T_i/v_tpg_0/inst/tpgBackground_U0/grp_tpgPatternCheckerBoa_fu_483/yCount_V                                                                                                                                                     |                3 |             10 |
|  T_i/processing_system7_0/inst/FCLK_CLK0 | T_i/v_tpg_0/inst/tpgBackground_U0/grp_tpgPatternCrossHatch_fu_549/grp_reg_ap_uint_10_s_fu_189/E[0]                                                                      | T_i/v_tpg_0/inst/tpgBackground_U0/grp_tpgPatternCrossHatch_fu_549/grp_reg_ap_uint_10_s_fu_189/SR[0]                                                                                                                            |                3 |             10 |
|  T_i/processing_system7_0/inst/FCLK_CLK0 | T_i/v_tpg_0/inst/v_tpg_CTRL_s_axi_U/xCount_V_0_reg[9]_1                                                                                                                 | T_i/v_tpg_0/inst/v_tpg_CTRL_s_axi_U/xCount_V_0_reg[0][0]                                                                                                                                                                       |                3 |             10 |
|  T_i/processing_system7_0/inst/FCLK_CLK0 |                                                                                                                                                                         | T_i/ps7_0_axi_periph/xbar/inst/gen_sasd.crossbar_sasd_0/addr_arbiter_inst/SR[0]                                                                                                                                                |                4 |             11 |
|  T_i/processing_system7_0/inst/FCLK_CLK0 | T_i/v_tpg_0/inst/v_tpg_CTRL_s_axi_U/grp_tpgPatternColorBars_fu_590_ap_ready                                                                                             | T_i/v_tpg_0/inst/tpgBackground_U0/grp_tpgPatternColorBars_fu_590/xBar_V_0[10]_i_1_n_2                                                                                                                                          |                4 |             11 |
|  T_i/processing_system7_0/inst/FCLK_CLK0 |                                                                                                                                                                         | T_i/v_axi4s_vid_out_0/inst/COUPLER_INST/generate_async_fifo.FIFO_INST/XPM_FIFO_ASYNC_INST/gnuram_async_fifo.xpm_fifo_base_inst/xpm_fifo_rst_inst/count_value_i_reg[1]                                                          |                5 |             11 |
|  T_i/processing_system7_0/inst/FCLK_CLK0 | T_i/v_tpg_0/inst/v_tpg_CTRL_s_axi_U/ap_return_reg[9]                                                                                                                    |                                                                                                                                                                                                                                |                3 |             11 |
|  T_i/processing_system7_0/inst/FCLK_CLK0 | T_i/v_tpg_0/inst/v_tpg_CTRL_s_axi_U/vHatch_reg[0][0]                                                                                                                    | T_i/v_tpg_0/inst/v_tpg_CTRL_s_axi_U/SR[0]                                                                                                                                                                                      |                3 |             11 |
|  T_i/processing_system7_0/inst/FCLK_CLK0 | T_i/v_tpg_0/inst/v_tpg_CTRL_s_axi_U/outpix_val_0_V_8_reg_14690                                                                                                          |                                                                                                                                                                                                                                |                5 |             11 |
|  T_i/processing_system7_0/inst/FCLK_CLK0 | T_i/v_tpg_0/inst/MultiPixStream2AXIvi_U0/i_1_reg_4250                                                                                                                   |                                                                                                                                                                                                                                |                4 |             12 |
|  T_i/processing_system7_0/inst/FCLK_CLK0 | T_i/v_tpg_0/inst/MultiPixStream2AXIvi_U0/ap_CS_fsm_state7                                                                                                               | T_i/v_tpg_0/inst/MultiPixStream2AXIvi_U0/grp_reg_unsigned_short_s_fu_223/SR[0]                                                                                                                                                 |                3 |             12 |
|  T_i/processing_system7_0/inst/FCLK_CLK0 | T_i/ps7_0_axi_periph/s00_couplers/auto_pc/inst/gen_axilite.gen_b2s_conv.axilite_b2s/WR.aw_channel_0/cmd_translator_0/incr_cmd_0/axaddr_incr[11]_i_1_n_0                 |                                                                                                                                                                                                                                |                3 |             12 |
|  T_i/processing_system7_0/inst/FCLK_CLK0 | T_i/ps7_0_axi_periph/s00_couplers/auto_pc/inst/gen_axilite.gen_b2s_conv.axilite_b2s/WR.aw_channel_0/aw_cmd_fsm_0/wrap_boundary_axaddr_r_reg[0][0]                       |                                                                                                                                                                                                                                |                5 |             12 |
|  T_i/processing_system7_0/inst/FCLK_CLK0 | T_i/ps7_0_axi_periph/s00_couplers/auto_pc/inst/gen_axilite.gen_b2s_conv.axilite_b2s/RD.ar_channel_0/ar_cmd_fsm_0/axaddr_incr_reg[0][0]                                  |                                                                                                                                                                                                                                |                2 |             12 |
|  T_i/processing_system7_0/inst/FCLK_CLK0 | T_i/ps7_0_axi_periph/s00_couplers/auto_pc/inst/gen_axilite.gen_b2s_conv.axilite_b2s/RD.ar_channel_0/ar_cmd_fsm_0/E[0]                                                   |                                                                                                                                                                                                                                |                5 |             12 |
|  T_i/processing_system7_0/inst/FCLK_CLK0 | T_i/ps7_0_axi_periph/s00_couplers/auto_pc/inst/gen_axilite.gen_b2s_conv.axilite_b2s/RD.r_channel_0/r_push_r                                                             |                                                                                                                                                                                                                                |                4 |             13 |
|  T_i/processing_system7_0/inst/FCLK_CLK1 | T_i/v_axi4s_vid_out_0/inst/SYNC_INST/fifo_eol_re_dly                                                                                                                    | T_i/v_axi4s_vid_out_0/inst/SYNC_INST/fifo_eol_cnt[0]_i_1_n_0                                                                                                                                                                   |                4 |             13 |
|  T_i/processing_system7_0/inst/FCLK_CLK1 | T_i/v_axi4s_vid_out_0/inst/SYNC_INST/vtg_ce                                                                                                                             | T_i/v_tc_0/U0/U_TC_TOP/GEN_GENERATOR.U_TC_GEN/fsync_out[0]_i_1_n_0                                                                                                                                                             |                6 |             13 |
|  T_i/processing_system7_0/inst/FCLK_CLK0 | T_i/v_tpg_0/inst/MultiPixStream2AXIvi_U0/j_reg_2120                                                                                                                     | T_i/v_tpg_0/inst/MultiPixStream2AXIvi_U0/ap_NS_fsm1                                                                                                                                                                            |                4 |             13 |
|  T_i/processing_system7_0/inst/FCLK_CLK0 | T_i/v_tpg_0/inst/MultiPixStream2AXIvi_U0/grp_reg_unsigned_short_s_fu_223/ap_NS_fsm1                                                                                     |                                                                                                                                                                                                                                |                2 |             13 |
|  T_i/processing_system7_0/inst/FCLK_CLK0 | T_i/ps7_0_axi_periph/s00_couplers/auto_pc/inst/gen_axilite.gen_b2s_conv.axilite_b2s/SI_REG/b.b_pipe/skid_buffer_reg[0]_0                                                |                                                                                                                                                                                                                                |                3 |             14 |
|  T_i/processing_system7_0/inst/FCLK_CLK0 | T_i/ps7_0_axi_periph/s00_couplers/auto_pc/inst/gen_axilite.gen_b2s_conv.axilite_b2s/SI_REG/b.b_pipe/p_1_in                                                              |                                                                                                                                                                                                                                |                3 |             14 |
|  T_i/processing_system7_0/inst/FCLK_CLK0 | T_i/v_tpg_0/inst/MultiPixStream2AXIvi_U0/grp_reg_unsigned_short_s_fu_229/ap_NS_fsm1                                                                                     |                                                                                                                                                                                                                                |                2 |             14 |
|  T_i/processing_system7_0/inst/FCLK_CLK0 | T_i/v_tpg_0/inst/v_tpg_CTRL_s_axi_U/grp_tpgPatternColorBars_fu_590_ap_ready                                                                                             |                                                                                                                                                                                                                                |                4 |             15 |
|  T_i/processing_system7_0/inst/FCLK_CLK0 | T_i/v_tpg_0/inst/v_tpg_CTRL_s_axi_U/q0_reg[0][0]                                                                                                                        |                                                                                                                                                                                                                                |                6 |             15 |
|  T_i/processing_system7_0/inst/FCLK_CLK0 | T_i/v_tpg_0/inst/tpgForeground_U0/ap_CS_fsm_state2                                                                                                                      |                                                                                                                                                                                                                                |                5 |             16 |
|  T_i/processing_system7_0/inst/FCLK_CLK0 | T_i/v_tpg_0/inst/v_tpg_CTRL_s_axi_U/int_boxSize[15]_i_1_n_2                                                                                                             | T_i/v_tpg_0/inst/v_tpg_CTRL_s_axi_U/ap_rst_n_inv                                                                                                                                                                               |                3 |             16 |
|  T_i/processing_system7_0/inst/FCLK_CLK0 | T_i/v_tpg_0/inst/v_tpg_CTRL_s_axi_U/int_crossHairY[15]_i_1_n_2                                                                                                          | T_i/v_tpg_0/inst/v_tpg_CTRL_s_axi_U/ap_rst_n_inv                                                                                                                                                                               |                3 |             16 |
|  T_i/processing_system7_0/inst/FCLK_CLK0 | T_i/v_tpg_0/inst/v_tpg_CTRL_s_axi_U/int_boxColorR[15]_i_1_n_2                                                                                                           | T_i/v_tpg_0/inst/v_tpg_CTRL_s_axi_U/ap_rst_n_inv                                                                                                                                                                               |                6 |             16 |
|  T_i/processing_system7_0/inst/FCLK_CLK0 | T_i/v_tpg_0/inst/v_tpg_CTRL_s_axi_U/int_boxColorG[15]_i_1_n_2                                                                                                           | T_i/v_tpg_0/inst/v_tpg_CTRL_s_axi_U/ap_rst_n_inv                                                                                                                                                                               |                5 |             16 |
|  T_i/processing_system7_0/inst/FCLK_CLK0 | T_i/v_tpg_0/inst/v_tpg_CTRL_s_axi_U/int_ZplateVerContDelta[15]_i_1_n_2                                                                                                  | T_i/v_tpg_0/inst/v_tpg_CTRL_s_axi_U/ap_rst_n_inv                                                                                                                                                                               |                4 |             16 |
|  T_i/processing_system7_0/inst/FCLK_CLK0 | T_i/v_tpg_0/inst/tpgBackground_U0/SRL_SIG_reg[1][0]_1[0]                                                                                                                |                                                                                                                                                                                                                                |                4 |             16 |
|  T_i/processing_system7_0/inst/FCLK_CLK0 | T_i/v_tpg_0/inst/tpgBackground_U0/ap_CS_fsm_state11                                                                                                                     | T_i/v_tpg_0/inst/tpgBackground_U0/y_reg_405                                                                                                                                                                                    |                7 |             16 |
|  T_i/processing_system7_0/inst/FCLK_CLK0 | T_i/v_tpg_0/inst/v_tpg_CTRL_s_axi_U/int_width[15]_i_1_n_2                                                                                                               | T_i/v_tpg_0/inst/v_tpg_CTRL_s_axi_U/ap_rst_n_inv                                                                                                                                                                               |                3 |             16 |
|  T_i/processing_system7_0/inst/FCLK_CLK0 | T_i/v_tpg_0/inst/v_tpg_CTRL_s_axi_U/int_ZplateVerContStart[15]_i_1_n_2                                                                                                  | T_i/v_tpg_0/inst/v_tpg_CTRL_s_axi_U/ap_rst_n_inv                                                                                                                                                                               |                4 |             16 |
|  T_i/processing_system7_0/inst/FCLK_CLK0 | T_i/v_tpg_0/inst/v_tpg_CTRL_s_axi_U/int_boxColorB[15]_i_1_n_2                                                                                                           | T_i/v_tpg_0/inst/v_tpg_CTRL_s_axi_U/ap_rst_n_inv                                                                                                                                                                               |                5 |             16 |
|  T_i/processing_system7_0/inst/FCLK_CLK0 | T_i/v_tpg_0/inst/tpgForeground_U0/tpgForeground_U0_srcImg_V_val_1_V_read                                                                                                | T_i/v_tpg_0/inst/tpgForeground_U0/ap_enable_reg_pp0_iter00                                                                                                                                                                     |                6 |             16 |
|  T_i/processing_system7_0/inst/FCLK_CLK0 | T_i/v_tpg_0/inst/tpgForeground_U0/x_1_reg_5630                                                                                                                          |                                                                                                                                                                                                                                |                4 |             16 |
|  T_i/processing_system7_0/inst/FCLK_CLK0 | T_i/v_tpg_0/inst/tpgBackground_U0/p_8_in                                                                                                                                |                                                                                                                                                                                                                                |                4 |             16 |
|  T_i/processing_system7_0/inst/FCLK_CLK0 | T_i/v_tpg_0/inst/v_tpg_CTRL_s_axi_U/int_height[15]_i_1_n_2                                                                                                              | T_i/v_tpg_0/inst/v_tpg_CTRL_s_axi_U/ap_rst_n_inv                                                                                                                                                                               |                3 |             16 |
|  T_i/processing_system7_0/inst/FCLK_CLK0 | T_i/ps7_0_axi_periph/s00_couplers/auto_pc/inst/gen_axilite.gen_b2s_conv.axilite_b2s/WR.aw_channel_0/aw_cmd_fsm_0/b_push                                                 |                                                                                                                                                                                                                                |                3 |             16 |
|  T_i/processing_system7_0/inst/FCLK_CLK0 | T_i/v_tpg_0/inst/tpgBackground_U0/grp_tpgPatternZonePlate_fu_570/v_tpg_am_addmul_1Ngs_U69/T_v_tpg_0_0_v_tpg_am_addmul_1Ngs_DSP48_7_U/m_0                                | T_i/v_tpg_0/inst/tpgBackground_U0/grp_tpgPatternZonePlate_fu_570/v_tpg_am_addmul_1Ngs_U69/T_v_tpg_0_0_v_tpg_am_addmul_1Ngs_DSP48_7_U/m_1                                                                                       |                5 |             16 |
|  T_i/processing_system7_0/inst/FCLK_CLK0 |                                                                                                                                                                         | T_i/axi_gpio_0/U0/AXI_LITE_IPIF_I/I_SLAVE_ATTACHMENT/SR                                                                                                                                                                        |                7 |             16 |
|  T_i/processing_system7_0/inst/FCLK_CLK0 | T_i/v_tpg_0/inst/v_tpg_CTRL_s_axi_U/int_crossHairX[15]_i_1_n_2                                                                                                          | T_i/v_tpg_0/inst/v_tpg_CTRL_s_axi_U/ap_rst_n_inv                                                                                                                                                                               |                3 |             16 |
|  T_i/processing_system7_0/inst/FCLK_CLK0 | T_i/v_tpg_0/inst/v_tpg_CTRL_s_axi_U/int_ZplateHorContStart_reg[0]_0[0]                                                                                                  | T_i/v_tpg_0/inst/v_tpg_CTRL_s_axi_U/ap_rst_n_inv                                                                                                                                                                               |                6 |             16 |
|  T_i/processing_system7_0/inst/FCLK_CLK0 | T_i/v_tpg_0/inst/tpgBackground_U0/y_2_reg_1440_reg[15]_0[1]                                                                                                             |                                                                                                                                                                                                                                |                5 |             16 |
|  T_i/processing_system7_0/inst/FCLK_CLK0 | T_i/v_tpg_0/inst/tpgBackground_U0/SRL_SIG_reg[1][0][0]                                                                                                                  |                                                                                                                                                                                                                                |                2 |             16 |
|  T_i/processing_system7_0/inst/FCLK_CLK0 | T_i/v_tpg_0/inst/tpgBackground_U0/SRL_SIG_reg[1][0]_0[0]                                                                                                                |                                                                                                                                                                                                                                |                5 |             16 |
|  T_i/processing_system7_0/inst/FCLK_CLK0 | T_i/v_tpg_0/inst/v_tpg_CTRL_s_axi_U/int_ZplateHorContDelta_reg[15]_0[0]                                                                                                 | T_i/v_tpg_0/inst/v_tpg_CTRL_s_axi_U/ap_rst_n_inv                                                                                                                                                                               |                8 |             16 |
|  T_i/processing_system7_0/inst/FCLK_CLK0 | T_i/v_tpg_0/inst/tpgForeground_U0/ap_CS_fsm_state9                                                                                                                      | T_i/v_tpg_0/inst/tpgForeground_U0/y_reg_259                                                                                                                                                                                    |                3 |             16 |
|  T_i/processing_system7_0/inst/FCLK_CLK0 | T_i/v_tpg_0/inst/tpgForeground_U0/intpix_val_0_V_1_reg_6040                                                                                                             | T_i/v_tpg_0/inst/tpgForeground_U0/grp_tpgPatternCrossHair_fu_376/intpix_val_0_V_1_reg_604_reg[3]                                                                                                                               |                4 |             17 |
|  T_i/processing_system7_0/inst/FCLK_CLK1 | T_i/v_tc_0/U0/U_TC_TOP/GEN_GENERATOR.U_TC_GEN/active_video_out                                                                                                          | T_i/v_axi4s_vid_out_0/inst/SYNC_INST/in_data_mux_reg[0]                                                                                                                                                                        |                6 |             18 |
|  T_i/processing_system7_0/inst/FCLK_CLK0 | T_i/ps7_0_axi_periph/s00_couplers/auto_pc/inst/gen_axilite.gen_b2s_conv.axilite_b2s/WR.aw_channel_0/aw_cmd_fsm_0/E[0]                                                   |                                                                                                                                                                                                                                |                9 |             21 |
|  T_i/processing_system7_0/inst/FCLK_CLK1 | T_i/v_axi4s_vid_out_0/inst/COUPLER_INST/generate_async_fifo.FIFO_INST/XPM_FIFO_ASYNC_INST/gnuram_async_fifo.xpm_fifo_base_inst/rdpp1_inst/E[0]                          | T_i/v_axi4s_vid_out_0/inst/COUPLER_INST/generate_async_fifo.FIFO_INST/XPM_FIFO_ASYNC_INST/gnuram_async_fifo.xpm_fifo_base_inst/xpm_fifo_rst_inst/gen_rst_ic.rrst_rd_inst/gen_pipe_bit[2].pipe_bit_inst/count_value_i_reg[0][0] |                6 |             21 |
|  T_i/processing_system7_0/inst/FCLK_CLK0 | T_i/ps7_0_axi_periph/s00_couplers/auto_pc/inst/gen_axilite.gen_b2s_conv.axilite_b2s/RD.ar_channel_0/ar_cmd_fsm_0/axlen_cnt_reg[4][0]                                    |                                                                                                                                                                                                                                |                7 |             21 |
|  T_i/processing_system7_0/inst/FCLK_CLK0 | T_i/v_tpg_0/inst/tpgForeground_U0/intpix_val_0_V_2_reg_5890                                                                                                             |                                                                                                                                                                                                                                |                8 |             24 |
|  T_i/processing_system7_0/inst/FCLK_CLK0 | T_i/v_tpg_0/inst/tpgForeground_U0/tmp_val_0_V_1_reg_5680                                                                                                                |                                                                                                                                                                                                                                |                3 |             24 |
|  T_i/processing_system7_0/inst/FCLK_CLK0 | T_i/v_tpg_0/inst/tpgForeground_U0/ap_phi_reg_pp0_iter5_intpix_val_V_2_reg_2830                                                                                          |                                                                                                                                                                                                                                |                7 |             24 |
|  T_i/processing_system7_0/inst/FCLK_CLK0 | T_i/v_tpg_0/inst/v_tpg_CTRL_s_axi_U/tmp_val_0_V_fu_314_reg[7][0]                                                                                                        |                                                                                                                                                                                                                                |               19 |             24 |
|  T_i/processing_system7_0/inst/FCLK_CLK1 |                                                                                                                                                                         | T_i/v_axi4s_vid_out_0/inst/COUPLER_INST/generate_async_fifo.FIFO_INST/XPM_FIFO_ASYNC_INST/gnuram_async_fifo.xpm_fifo_base_inst/xpm_fifo_rst_inst/gen_rst_ic.rrst_rd_inst/gen_pipe_bit[2].pipe_bit_inst/count_value_i_reg[0][0] |                9 |             24 |
|  T_i/processing_system7_0/inst/FCLK_CLK0 | T_i/v_tpg_0/inst/MultiPixStream2AXIvi_U0/AXI_video_strm_V_data_V_1_load_B                                                                                               |                                                                                                                                                                                                                                |                7 |             24 |
|  T_i/processing_system7_0/inst/FCLK_CLK0 | T_i/v_tpg_0/inst/v_tpg_CTRL_s_axi_U/outpix_val_0_V_17_reg_1454_reg[7][0]                                                                                                |                                                                                                                                                                                                                                |                7 |             24 |
|  T_i/processing_system7_0/inst/FCLK_CLK0 | T_i/v_tpg_0/inst/MultiPixStream2AXIvi_U0/AXI_video_strm_V_data_V_1_load_A                                                                                               |                                                                                                                                                                                                                                |                7 |             24 |
|  T_i/processing_system7_0/inst/FCLK_CLK0 | T_i/v_tpg_0/inst/tpgForeground_U0/ap_condition_295                                                                                                                      | T_i/v_tpg_0/inst/v_tpg_CTRL_s_axi_U/ap_phi_reg_pp0_iter2_outpix_val_0_V_reg_305_reg[7]                                                                                                                                         |                7 |             24 |
|  T_i/processing_system7_0/inst/FCLK_CLK0 | T_i/v_tpg_0/inst/tpgForeground_U0/ap_phi_reg_pp0_iter3_intpix_val_V_2_reg_2830                                                                                          |                                                                                                                                                                                                                                |                3 |             24 |
|  T_i/processing_system7_0/inst/FCLK_CLK0 | T_i/v_tpg_0/inst/tpgForeground_U0/ap_phi_reg_pp0_iter4_intpix_val_V_2_reg_2830                                                                                          |                                                                                                                                                                                                                                |                3 |             24 |
|  T_i/processing_system7_0/inst/FCLK_CLK0 | T_i/ps7_0_axi_periph/xbar/inst/gen_sasd.crossbar_sasd_0/addr_arbiter_inst/p_0_in1_in                                                                                    | T_i/ps7_0_axi_periph/xbar/inst/gen_sasd.crossbar_sasd_0/addr_arbiter_inst/SR[0]                                                                                                                                                |               10 |             25 |
|  T_i/processing_system7_0/inst/FCLK_CLK0 | T_i/v_tpg_0/inst/v_tpg_CTRL_s_axi_U/E[0]                                                                                                                                |                                                                                                                                                                                                                                |                6 |             28 |
|  T_i/processing_system7_0/inst/FCLK_CLK0 | T_i/v_tpg_0/inst/v_tpg_CTRL_s_axi_U/p                                                                                                                                   |                                                                                                                                                                                                                                |               10 |             28 |
|  T_i/processing_system7_0/inst/FCLK_CLK0 | T_i/v_axi4s_vid_out_0/inst/COUPLER_INST/generate_async_fifo.FIFO_INST/XPM_FIFO_ASYNC_INST/gnuram_async_fifo.xpm_fifo_base_inst/xpm_fifo_rst_inst/count_value_i_reg[0]_0 | T_i/v_axi4s_vid_out_0/inst/COUPLER_INST/generate_async_fifo.FIFO_INST/XPM_FIFO_ASYNC_INST/gnuram_async_fifo.xpm_fifo_base_inst/xpm_fifo_rst_inst/count_value_i_reg[1]                                                          |                9 |             31 |
|  T_i/processing_system7_0/inst/FCLK_CLK0 | T_i/v_tpg_0/inst/tpgBackground_U0/grp_tpgPatternZonePlate_fu_570/zonePlateVAddr                                                                                         |                                                                                                                                                                                                                                |                8 |             32 |
|  T_i/processing_system7_0/inst/FCLK_CLK0 | T_i/v_tpg_0/inst/tpgForeground_U0/grp_tpgPatternBox_fu_349/ap_condition_196                                                                                             |                                                                                                                                                                                                                                |                8 |             32 |
|  T_i/processing_system7_0/inst/FCLK_CLK0 | T_i/v_tpg_0/inst/tpgForeground_U0/grp_tpgPatternBox_fu_349/ap_phi_reg_pp0_iter1_boxTop_reg_177[15]_i_1_n_2                                                              |                                                                                                                                                                                                                                |                8 |             32 |
|  T_i/processing_system7_0/inst/FCLK_CLK0 | T_i/ps7_0_axi_periph/xbar/inst/gen_sasd.crossbar_sasd_0/reg_slice_r/aa_rready                                                                                           |                                                                                                                                                                                                                                |               11 |             32 |
|  T_i/processing_system7_0/inst/FCLK_CLK0 | T_i/v_tpg_0/inst/tpgForeground_U0/grp_tpgPatternBox_fu_349/p_12_in                                                                                                      |                                                                                                                                                                                                                                |               11 |             32 |
|  T_i/processing_system7_0/inst/FCLK_CLK1 | T_i/v_axi4s_vid_out_0/inst/SYNC_INST/vtg_lag                                                                                                                            | T_i/v_axi4s_vid_out_0/inst/SYNC_INST/sof_ignore0                                                                                                                                                                               |                8 |             32 |
|  T_i/processing_system7_0/inst/FCLK_CLK0 | T_i/v_tpg_0/inst/v_tpg_CTRL_s_axi_U/call_ret15_tpgPRBS_fu_625_ap_ready                                                                                                  |                                                                                                                                                                                                                                |               16 |             33 |
|  T_i/processing_system7_0/inst/FCLK_CLK0 | T_i/ps7_0_axi_periph/s00_couplers/auto_pc/inst/gen_axilite.gen_b2s_conv.axilite_b2s/RD.r_channel_0/rd_data_fifo_0/wr_en0                                                |                                                                                                                                                                                                                                |                9 |             34 |
|  T_i/processing_system7_0/inst/FCLK_CLK0 | T_i/ps7_0_axi_periph/xbar/inst/gen_sasd.crossbar_sasd_0/addr_arbiter_inst/E[0]                                                                                          |                                                                                                                                                                                                                                |               11 |             35 |
|  T_i/processing_system7_0/inst/FCLK_CLK0 | T_i/v_tpg_0/inst/MultiPixStream2AXIvi_U0/grp_reg_unsigned_short_s_fu_223/E[0]                                                                                           |                                                                                                                                                                                                                                |                9 |             40 |
|  T_i/processing_system7_0/inst/FCLK_CLK0 | T_i/v_tpg_0/inst/tpgForeground_U0/grp_tpgPatternCrossHair_fu_376/E[0]                                                                                                   |                                                                                                                                                                                                                                |               11 |             43 |
|  T_i/processing_system7_0/inst/FCLK_CLK0 | T_i/ps7_0_axi_periph/s00_couplers/auto_pc/inst/gen_axilite.gen_b2s_conv.axilite_b2s/SI_REG/r.r_pipe/skid_buffer_reg[0]_0                                                |                                                                                                                                                                                                                                |               10 |             47 |
|  T_i/processing_system7_0/inst/FCLK_CLK0 | T_i/ps7_0_axi_periph/s00_couplers/auto_pc/inst/gen_axilite.gen_b2s_conv.axilite_b2s/SI_REG/r.r_pipe/p_1_in                                                              |                                                                                                                                                                                                                                |               10 |             47 |
|  T_i/processing_system7_0/inst/FCLK_CLK0 | T_i/ps7_0_axi_periph/s00_couplers/auto_pc/inst/gen_axilite.gen_b2s_conv.axilite_b2s/WR.aw_channel_0/aw_cmd_fsm_0/m_payload_i_reg[0][0]                                  |                                                                                                                                                                                                                                |               10 |             48 |
|  T_i/processing_system7_0/inst/FCLK_CLK0 | T_i/ps7_0_axi_periph/s00_couplers/auto_pc/inst/gen_axilite.gen_b2s_conv.axilite_b2s/SI_REG/ar.ar_pipe/s_axi_arready                                                     |                                                                                                                                                                                                                                |               12 |             48 |
|  T_i/processing_system7_0/inst/FCLK_CLK0 | T_i/ps7_0_axi_periph/s00_couplers/auto_pc/inst/gen_axilite.gen_b2s_conv.axilite_b2s/SI_REG/aw.aw_pipe/s_axi_awready                                                     |                                                                                                                                                                                                                                |               14 |             48 |
|  T_i/processing_system7_0/inst/FCLK_CLK0 | T_i/ps7_0_axi_periph/s00_couplers/auto_pc/inst/gen_axilite.gen_b2s_conv.axilite_b2s/RD.ar_channel_0/ar_cmd_fsm_0/m_payload_i_reg[0]_1[0]                                |                                                                                                                                                                                                                                |               15 |             48 |
|  T_i/processing_system7_0/inst/FCLK_CLK0 |                                                                                                                                                                         | T_i/ps7_0_axi_periph/s00_couplers/auto_pc/inst/gen_axilite.gen_b2s_conv.axilite_b2s/areset_d1                                                                                                                                  |               22 |             59 |
|  T_i/processing_system7_0/inst/FCLK_CLK0 | T_i/v_tpg_0/inst/tpgBackground_U0/grp_tpgPatternRainbow_fu_429/tpgSinTableArray_9bi_1_U/T_v_tpg_0_0_tpgPatternRainbowvdy_rom_U/p                                        |                                                                                                                                                                                                                                |               23 |             60 |
|  T_i/processing_system7_0/inst/FCLK_CLK0 | T_i/v_tpg_0/inst/tpgForeground_U0/grp_tpgPatternBox_fu_349/grp_tpgPatternBox_fu_349_ap_ce                                                                               |                                                                                                                                                                                                                                |               15 |             65 |
|  T_i/processing_system7_0/inst/FCLK_CLK0 | T_i/v_tpg_0/inst/tpgBackground_U0/ap_block_pp0_stage0_subdone                                                                                                           |                                                                                                                                                                                                                                |               18 |             66 |
|  T_i/processing_system7_0/inst/FCLK_CLK1 | T_i/v_axi4s_vid_out_0/inst/SYNC_INST/vtg_ce                                                                                                                             | T_i/v_tc_0/U0/U_TC_TOP/GEN_GENERATOR.U_TC_GEN/htotal[8]_i_1_n_0                                                                                                                                                                |               24 |             67 |
|  T_i/processing_system7_0/inst/FCLK_CLK0 |                                                                                                                                                                         | T_i/v_tpg_0/inst/v_tpg_CTRL_s_axi_U/ap_rst_n_inv                                                                                                                                                                               |               49 |             89 |
|  T_i/processing_system7_0/inst/FCLK_CLK1 |                                                                                                                                                                         |                                                                                                                                                                                                                                |               37 |            145 |
|  T_i/processing_system7_0/inst/FCLK_CLK0 |                                                                                                                                                                         |                                                                                                                                                                                                                                |              113 |            294 |
+------------------------------------------+-------------------------------------------------------------------------------------------------------------------------------------------------------------------------+--------------------------------------------------------------------------------------------------------------------------------------------------------------------------------------------------------------------------------+------------------+----------------+


+--------+-----------------------+
| Fanout | Number of ControlSets |
+--------+-----------------------+
| 2      |                     1 |
| 3      |                     1 |
| 4      |                    12 |
| 5      |                     3 |
| 6      |                     4 |
| 7      |                     1 |
| 8      |                    28 |
| 9      |                     2 |
| 10     |                     7 |
| 11     |                     6 |
| 12     |                     6 |
| 13     |                     5 |
| 14     |                     3 |
| 15     |                     2 |
| 16+    |                    70 |
+--------+-----------------------+


